
> beanhunt-v2-frontend@1.0.0 build
> react-scripts build

(node:60004) [DEP0176] DeprecationWarning: fs.F_OK is deprecated, use fs.constants.F_OK instead
(Use `node --trace-deprecation ...` to show where the warning was created)
Creating an optimized production build...
Failed to compile.

[eslint] 
src\components\HuntTracker.js
Syntax error: Expected corresponding JSX closing tag for <button>. (1094:12) (1094:12)


